=== KerSor VLIW round 2 lever=verify-only 2026-07-05T09:21:59+08:00 ===
BEFORE=1152
depth-1 parity node mismatches: 0 / 512
depth-1 parity node mismatches: 0 / 512
ALL-PASS: 0 mismatches across all configs. x-space carry is bit-exact.
ALL-PASS: 0 mismatches across all configs. x-space carry is bit-exact.
.........
----------------------------------------------------------------------
Ran 9 tests in 10.989s

OK
Testing forest_height=10, rounds=16, batch_size=256
CYCLES:  1152
Testing forest_height=10, rounds=16, batch_size=256
CYCLES:  1152
Testing forest_height=10, rounds=16, batch_size=256
CYCLES:  1152
Testing forest_height=10, rounds=16, batch_size=256
CYCLES:  1152
Testing forest_height=10, rounds=16, batch_size=256
CYCLES:  1152
Testing forest_height=10, rounds=16, batch_size=256
CYCLES:  1152
Testing forest_height=10, rounds=16, batch_size=256
CYCLES:  1152
Testing forest_height=10, rounds=16, batch_size=256
CYCLES:  1152
Testing forest_height=10, rounds=16, batch_size=256
CYCLES:  1152
Speedup over baseline:  128.24131944444446
Testing forest_height=10, rounds=16, batch_size=256
CYCLES:  1152
Testing forest_height=10, rounds=16, batch_size=256
CYCLES:  1152
Speedup over baseline:  128.24131944444446
AFTER=1152 delta=0
